cms.archive                 Flag to see if the archive directory should be maintained, set to 0 to disable.
cms.debug                   Flag to see if exceptions should be thrown or logged.
cms.default.layout          Machine name for the default layout of a new region/section.
cms.directory.node          Directory which holds the nodes
cms.directory.robot         Directory which holds the robots.txt files
cms.directory.sitemap       Directory which holds the site maps
cms.url.%site%              Override the base URL of the provided site (development/testing purposes)
cms.url.%site%.%locale%     Override the base URL of the provided site for the provided locale (development/testing purposes)
